2026-09-28T10:13:56.519554+00:00 {"status": "ok", "path": "/home/user/ADHD-EEG-Benchmark/la-kaie/results/raw/smoke/FIR/LA-KAIE-Full/inst01/run01.json", "runtime": 0.9437979250001263, "best": 0.22597886516181007}
2026-09-28T10:13:56.898189+00:00 {"status": "ok", "path": "/home/user/ADHD-EEG-Benchmark/la-kaie/results/raw/smoke/FIR/LA-KAIE-NoInteraction/inst01/run01.json", "runtime": 1.3190143100000569, "best": 0.04383024294931515}
2026-09-28T10:13:57.468025+00:00 {"status": "ok", "path": "/home/user/ADHD-EEG-Benchmark/la-kaie/results/raw/smoke/FIR/LA-KAIE-NoKnowledgeReward/inst01/run01.json", "runtime": 0.9300906689995827, "best": 0.25435813763776083}
2026-09-28T10:13:57.535103+00:00 {"status": "ok", "path": "/home/user/ADHD-EEG-Benchmark/la-kaie/results/raw/smoke/FIR/LA-KAIE-NoLandscape/inst01/run01.json", "runtime": 1.9645331399997303, "best": 0.08655575680645196}
2026-09-28T10:13:57.846344+00:00 {"status": "ok", "path": "/home/user/ADHD-EEG-Benchmark/la-kaie/results/raw/smoke/FIR/LA-KAIE-DimensionOnly/inst01/run01.json", "runtime": 0.9384400389999428, "best": 0.4165173084433429}
2026-09-28T10:13:58.017892+00:00 {"status": "ok", "path": "/home/user/ADHD-EEG-Benchmark/la-kaie/results/raw/smoke/FIR/MPHBS/inst01/run01.json", "runtime": 2.4467885449998903, "best": 0.060318674528451605}
2026-09-28T10:13:58.620558+00:00 {"status": "ok", "path": "/home/user/ADHD-EEG-Benchmark/la-kaie/results/raw/smoke/FIR/LA-KAIE-RandomExchange/inst01/run01.json", "runtime": 1.1295506869996643, "best": 0.11507177353064872}
2026-09-28T10:13:58.927087+00:00 {"status": "ok", "path": "/home/user/ADHD-EEG-Benchmark/la-kaie/results/raw/smoke/FIR/LA-KAIE-FIRPrior/inst01/run01.json", "runtime": 0.8983342409997022, "best": 0.28650406222812147}
2026-09-28T10:13:59.174393+00:00 {"status": "ok", "path": "/home/user/ADHD-EEG-Benchmark/la-kaie/results/raw/smoke/FIR/LA-KAIE-FixedPolicy/inst01/run01.json", "runtime": 1.6082562849996975, "best": 0.0962630355316659}
2026-09-28T10:14:00.038406+00:00 {"status": "ok", "path": "/home/user/ADHD-EEG-Benchmark/la-kaie/results/raw/smoke/FIR/LA-KAIE-Full/inst01/run02.json", "runtime": 1.1015253139999004, "best": 0.07191091482019231}
2026-09-28T10:14:00.060622+00:00 {"status": "ok", "path": "/home/user/ADHD-EEG-Benchmark/la-kaie/results/raw/smoke/FIR/LA-KAIE-NoAdaptiveController/inst01/run01.json", "runtime": 2.1920912779996797, "best": 0.13328843900912343}
2026-09-28T10:14:00.323594+00:00 {"status": "ok", "path": "/home/user/ADHD-EEG-Benchmark/la-kaie/results/raw/smoke/FIR/LA-KAIE-NoLandscape/inst01/run02.json", "runtime": 1.1306283510002686, "best": 0.17013219932500914}
2026-09-28T10:14:00.898505+00:00 {"status": "ok", "path": "/home/user/ADHD-EEG-Benchmark/la-kaie/results/raw/smoke/FIR/LA-KAIE-NoInteraction/inst01/run02.json", "runtime": 0.84851040500007, "best": 0.14835401803649984}
2026-09-28T10:14:00.922282+00:00 {"status": "ok", "path": "/home/user/ADHD-EEG-Benchmark/la-kaie/results/raw/smoke/FIR/MPHBS/inst01/run02.json", "runtime": 2.2953711250002016, "best": 0.03941142293613047}
2026-09-28T10:14:01.085143+00:00 {"status": "ok", "path": "/home/user/ADHD-EEG-Benchmark/la-kaie/results/raw/smoke/FIR/LA-KAIE-DimensionOnly/inst01/run02.json", "runtime": 0.7555512399999316, "best": 0.054993905386556394}
2026-09-28T10:14:01.163411+00:00 {"status": "ok", "path": "/home/user/ADHD-EEG-Benchmark/la-kaie/results/raw/smoke/FIR/LA-KAIE-NoKnowledgeReward/inst01/run02.json", "runtime": 1.08985201600035, "best": 0.0407752944194565}
2026-09-28T10:14:01.971583+00:00 {"status": "ok", "path": "/home/user/ADHD-EEG-Benchmark/la-kaie/results/raw/smoke/FIR/LA-KAIE-FIRPrior/inst01/run02.json", "runtime": 0.7937221919996773, "best": 0.054993905386556394}
2026-09-28T10:14:02.220426+00:00 {"status": "ok", "path": "/home/user/ADHD-EEG-Benchmark/la-kaie/results/raw/smoke/FIR/LA-KAIE-RandomExchange/inst01/run02.json", "runtime": 1.3103858440003933, "best": 0.034071881863835723}
2026-09-28T10:14:02.847013+00:00 {"status": "ok", "path": "/home/user/ADHD-EEG-Benchmark/la-kaie/results/raw/smoke/FIR/LA-KAIE-FixedPolicy/inst01/run02.json", "runtime": 1.909673720000228, "best": 0.07688438686996273}
2026-09-28T10:14:03.095977+00:00 {"status": "ok", "path": "/home/user/ADHD-EEG-Benchmark/la-kaie/results/raw/smoke/FIR/LA-KAIE-NoAdaptiveController/inst01/run02.json", "runtime": 1.9956004630003008, "best": 0.08436219750996554}
2026-09-28T10:14:03.465883+00:00 {"status": "ok", "path": "/home/user/ADHD-EEG-Benchmark/la-kaie/results/raw/smoke/FIR/LA-KAIE-Full/inst01/run03.json", "runtime": 1.2349245499999597, "best": 0.05268897819517253}
2026-09-28T10:14:03.947170+00:00 {"status": "ok", "path": "/home/user/ADHD-EEG-Benchmark/la-kaie/results/raw/smoke/FIR/LA-KAIE-NoLandscape/inst01/run03.json", "runtime": 1.0849623189997146, "best": 0.11164666038914464}
2026-09-28T10:14:04.136816+00:00 {"status": "ok", "path": "/home/user/ADHD-EEG-Benchmark/la-kaie/results/raw/smoke/FIR/MPHBS/inst01/run03.json", "runtime": 2.158045035000214, "best": 0.0459351385665748}
2026-09-28T10:14:04.280696+00:00 {"status": "ok", "path": "/home/user/ADHD-EEG-Benchmark/la-kaie/results/raw/smoke/FIR/LA-KAIE-NoInteraction/inst01/run03.json", "runtime": 1.1719581329998618, "best": 0.16742465453226174}
2026-09-28T10:14:04.998021+00:00 {"status": "ok", "path": "/home/user/ADHD-EEG-Benchmark/la-kaie/results/raw/smoke/FIR/LA-KAIE-NoKnowledgeReward/inst01/run03.json", "runtime": 1.5180402089999916, "best": 0.03950710078949965}
2026-09-28T10:14:05.059131+00:00 {"status": "ok", "path": "/home/user/ADHD-EEG-Benchmark/la-kaie/results/raw/smoke/FIR/LA-KAIE-DimensionOnly/inst01/run03.json", "runtime": 1.1002733559998887, "best": 0.07698004565383268}
2026-09-28T10:14:05.351694+00:00 {"status": "ok", "path": "/home/user/ADHD-EEG-Benchmark/la-kaie/results/raw/smoke/FIR/LA-KAIE-RandomExchange/inst01/run03.json", "runtime": 1.1945129890000317, "best": 0.12070236126333914}
2026-09-28T10:14:06.051578+00:00 {"status": "ok", "path": "/home/user/ADHD-EEG-Benchmark/la-kaie/results/raw/smoke/FIR/LA-KAIE-FIRPrior/inst01/run03.json", "runtime": 0.9783428219998314, "best": 0.0464417024185331}
2026-09-28T10:14:06.170277+00:00 {"status": "ok", "path": "/home/user/ADHD-EEG-Benchmark/la-kaie/results/raw/smoke/FIR/LA-KAIE-FixedPolicy/inst01/run03.json", "runtime": 1.876898190999782, "best": 0.13075859031229853}
2026-09-28T10:14:06.761696+00:00 {"status": "ok", "path": "/home/user/ADHD-EEG-Benchmark/la-kaie/results/raw/smoke/FIR/LA-KAIE-NoAdaptiveController/inst01/run03.json", "runtime": 1.744512948999727, "best": 0.042823058503924816}
2026-09-28T10:14:06.984815+00:00 {"status": "ok", "path": "/home/user/ADHD-EEG-Benchmark/la-kaie/results/raw/smoke/FIR/LA-KAIE-Full/inst01/run04.json", "runtime": 0.9223158640002111, "best": 0.03436729911347357}
2026-09-28T10:14:07.444413+00:00 {"status": "ok", "path": "/home/user/ADHD-EEG-Benchmark/la-kaie/results/raw/smoke/FIR/MPHBS/inst01/run04.json", "runtime": 2.0888460409996696, "best": 0.029633413370339208}
2026-09-28T10:14:07.761470+00:00 {"status": "ok", "path": "/home/user/ADHD-EEG-Benchmark/la-kaie/results/raw/smoke/FIR/LA-KAIE-NoInteraction/inst01/run04.json", "runtime": 0.9860489430002417, "best": 0.029952267383591726}
2026-09-28T10:14:07.887109+00:00 {"status": "ok", "path": "/home/user/ADHD-EEG-Benchmark/la-kaie/results/raw/smoke/FIR/LA-KAIE-NoKnowledgeReward/inst01/run04.json", "runtime": 0.8930915759997333, "best": 0.055118959592757394}
2026-09-28T10:14:07.926336+00:00 {"status": "ok", "path": "/home/user/ADHD-EEG-Benchmark/la-kaie/results/raw/smoke/FIR/LA-KAIE-NoLandscape/inst01/run04.json", "runtime": 1.7432938809997722, "best": 0.05450047133160072}
2026-09-28T10:14:08.580931+00:00 {"status": "ok", "path": "/home/user/ADHD-EEG-Benchmark/la-kaie/results/raw/smoke/FIR/LA-KAIE-DimensionOnly/inst01/run04.json", "runtime": 1.1252534139998716, "best": 0.03436729911347357}
2026-09-28T10:14:09.019034+00:00 {"status": "ok", "path": "/home/user/ADHD-EEG-Benchmark/la-kaie/results/raw/smoke/FIR/LA-KAIE-RandomExchange/inst01/run04.json", "runtime": 1.2452518079999209, "best": 0.108575597679402}
2026-09-28T10:14:09.480041+00:00 {"status": "ok", "path": "/home/user/ADHD-EEG-Benchmark/la-kaie/results/raw/smoke/FIR/LA-KAIE-FIRPrior/inst01/run04.json", "runtime": 0.8868334139997387, "best": 0.03436729911347357}
2026-09-28T10:14:09.737379+00:00 {"status": "ok", "path": "/home/user/ADHD-EEG-Benchmark/la-kaie/results/raw/smoke/FIR/LA-KAIE-FixedPolicy/inst01/run04.json", "runtime": 1.8380597899999884, "best": 0.11383132343860991}
2026-09-28T10:14:09.903860+00:00 {"status": "ok", "path": "/home/user/ADHD-EEG-Benchmark/la-kaie/results/raw/smoke/FIR/LA-KAIE-NoAdaptiveController/inst01/run04.json", "runtime": 1.9639085399999203, "best": 0.06314670142086719}
2026-09-28T10:14:10.673230+00:00 {"status": "ok", "path": "/home/user/ADHD-EEG-Benchmark/la-kaie/results/raw/smoke/FIR/LA-KAIE-Full/inst01/run05.json", "runtime": 1.1762001619999864, "best": 0.016002446958317776}
2026-09-28T10:14:10.767150+00:00 {"status": "ok", "path": "/home/user/ADHD-EEG-Benchmark/la-kaie/results/raw/smoke/FIR/LA-KAIE-NoInteraction/inst01/run05.json", "runtime": 0.852649645999918, "best": 0.07336242334772725}
2026-09-28T10:14:11.003683+00:00 {"status": "ok", "path": "/home/user/ADHD-EEG-Benchmark/la-kaie/results/raw/smoke/FIR/MPHBS/inst01/run05.json", "runtime": 1.9682829849998598, "best": 0.04112179008475436}
2026-09-28T10:14:11.473051+00:00 {"status": "ok", "path": "/home/user/ADHD-EEG-Benchmark/la-kaie/results/raw/smoke/FIR/LA-KAIE-NoLandscape/inst01/run05.json", "runtime": 1.7235695070003203, "best": 0.013779597496643724}
2026-09-28T10:14:11.874484+00:00 {"status": "ok", "path": "/home/user/ADHD-EEG-Benchmark/la-kaie/results/raw/smoke/FIR/LA-KAIE-NoKnowledgeReward/inst01/run05.json", "runtime": 1.19547922799984, "best": 0.03037778574163627}
2026-09-28T10:14:12.018495+00:00 {"status": "ok", "path": "/home/user/ADHD-EEG-Benchmark/la-kaie/results/raw/smoke/FIR/LA-KAIE-DimensionOnly/inst01/run05.json", "runtime": 1.2395803959998375, "best": 0.015884453889600494}
2026-09-28T10:14:12.123814+00:00 {"status": "ok", "path": "/home/user/ADHD-EEG-Benchmark/la-kaie/results/raw/smoke/FIR/LA-KAIE-RandomExchange/inst01/run05.json", "runtime": 1.1126570530000208, "best": 0.045662709403357746}
2026-09-28T10:14:12.550583+00:00 {"status": "ok", "path": "/home/user/ADHD-EEG-Benchmark/la-kaie/results/raw/smoke/FIR/HBA/inst01/run01.json", "runtime": 0.40192627300029926, "best": 0.159249057301936}
2026-09-28T10:14:12.921179+00:00 {"status": "ok", "path": "/home/user/ADHD-EEG-Benchmark/la-kaie/results/raw/smoke/FIR/MPA/inst01/run01.json", "runtime": 0.3617158309998558, "best": 0.08689494934830598}
2026-09-28T10:14:13.252815+00:00 {"status": "ok", "path": "/home/user/ADHD-EEG-Benchmark/la-kaie/results/raw/smoke/FIR/MPHB/inst01/run01.json", "runtime": 0.32306914799983133, "best": 0.17653240796911393}
2026-09-28T10:14:13.410252+00:00 {"status": "ok", "path": "/home/user/ADHD-EEG-Benchmark/la-kaie/results/raw/smoke/FIR/LA-KAIE-FixedPolicy/inst01/run05.json", "runtime": 1.9148343530000602, "best": 0.0944970785148142}
2026-09-28T10:14:13.423566+00:00 {"status": "ok", "path": "/home/user/ADHD-EEG-Benchmark/la-kaie/results/raw/smoke/FIR/LA-KAIE-FIRPrior/inst01/run05.json", "runtime": 1.3872503799998412, "best": 0.019795631934180692}
2026-09-28T10:14:13.651088+00:00 {"status": "ok", "path": "/home/user/ADHD-EEG-Benchmark/la-kaie/results/raw/smoke/FIR/HBA/inst01/run02.json", "runtime": 0.3878893619998962, "best": 0.2467004809809637}
2026-09-28T10:14:13.750455+00:00 {"status": "ok", "path": "/home/user/ADHD-EEG-Benchmark/la-kaie/results/raw/smoke/FIR/MPHB/inst01/run02.json", "runtime": 0.31742541099993105, "best": 0.16439876572117557}
2026-09-28T10:14:13.802968+00:00 {"status": "ok", "path": "/home/user/ADHD-EEG-Benchmark/la-kaie/results/raw/smoke/FIR/LA-KAIE-NoAdaptiveController/inst01/run05.json", "runtime": 1.9159919100002298, "best": 0.11053415813264843}
2026-09-28T10:14:13.869708+00:00 {"status": "ok", "path": "/home/user/ADHD-EEG-Benchmark/la-kaie/results/raw/smoke/FIR/MPA/inst01/run02.json", "runtime": 0.446470158000011, "best": 0.14376362601058537}
2026-09-28T10:14:14.064087+00:00 {"status": "ok", "path": "/home/user/ADHD-EEG-Benchmark/la-kaie/results/raw/smoke/FIR/MPA/inst01/run03.json", "runtime": 0.30662577000020974, "best": 0.09388645538633911}
2026-09-28T10:14:14.109126+00:00 {"status": "ok", "path": "/home/user/ADHD-EEG-Benchmark/la-kaie/results/raw/smoke/FIR/HBA/inst01/run03.json", "runtime": 0.4488518789999034, "best": 0.032682135608268825}
2026-09-28T10:14:14.161193+00:00 {"status": "ok", "path": "/home/user/ADHD-EEG-Benchmark/la-kaie/results/raw/smoke/FIR/MPHB/inst01/run03.json", "runtime": 0.3481640189997961, "best": 0.08579910397204313}
2026-09-28T10:14:14.360505+00:00 {"status": "ok", "path": "/home/user/ADHD-EEG-Benchmark/la-kaie/results/raw/smoke/FIR/HBA/inst01/run04.json", "runtime": 0.47494623400007185, "best": 0.2299819145235999}
2026-09-28T10:14:14.399524+00:00 {"status": "ok", "path": "/home/user/ADHD-EEG-Benchmark/la-kaie/results/raw/smoke/FIR/MPA/inst01/run04.json", "runtime": 0.3282104640002217, "best": 0.19754681561755527}
2026-09-28T10:14:14.435119+00:00 {"status": "ok", "path": "/home/user/ADHD-EEG-Benchmark/la-kaie/results/raw/smoke/FIR/MPHB/inst01/run04.json", "runtime": 0.3157296099998348, "best": 0.20101755644094124}
2026-09-28T10:14:14.628846+00:00 {"status": "ok", "path": "/home/user/ADHD-EEG-Benchmark/la-kaie/results/raw/smoke/FIR/HBA/inst01/run05.json", "runtime": 0.45740795900019293, "best": 0.19591216360947605}
2026-09-28T10:14:14.639295+00:00 {"status": "ok", "path": "/home/user/ADHD-EEG-Benchmark/la-kaie/results/raw/smoke/FIR/MPA/inst01/run05.json", "runtime": 0.2721718900002088, "best": 0.05592907462015228}
2026-09-28T10:14:14.756686+00:00 {"status": "ok", "path": "/home/user/ADHD-EEG-Benchmark/la-kaie/results/raw/smoke/FIR/MPHB/inst01/run05.json", "runtime": 0.3496862020001572, "best": 0.1484931494545822}
