2026-09-28T10:13:42.042230+00:00 {"status": "ok", "path": "/home/user/ADHD-EEG-Benchmark/la-kaie/results/raw/smoke/CEC2022/LA-KAIE-NoInteraction/inst01/run01.json", "runtime": 0.5470691609998539, "best": 724.6889226096309}
2026-09-28T10:13:42.046669+00:00 {"status": "ok", "path": "/home/user/ADHD-EEG-Benchmark/la-kaie/results/raw/smoke/CEC2022/LA-KAIE-NoLandscape/inst01/run01.json", "runtime": 0.5499922489998426, "best": 337.4484312407369}
2026-09-28T10:13:42.604814+00:00 {"status": "ok", "path": "/home/user/ADHD-EEG-Benchmark/la-kaie/results/raw/smoke/CEC2022/LA-KAIE-Full/inst01/run01.json", "runtime": 1.1124773599999571, "best": 150.88395385500723}
2026-09-28T10:13:42.628924+00:00 {"status": "ok", "path": "/home/user/ADHD-EEG-Benchmark/la-kaie/results/raw/smoke/CEC2022/LA-KAIE-NoKnowledgeReward/inst01/run01.json", "runtime": 0.5797220939998624, "best": 895.2897892348308}
2026-09-28T10:13:43.170401+00:00 {"status": "ok", "path": "/home/user/ADHD-EEG-Benchmark/la-kaie/results/raw/smoke/CEC2022/LA-KAIE-DimensionOnly/inst01/run01.json", "runtime": 1.113778080999964, "best": 150.88395385500723}
2026-09-28T10:13:43.419732+00:00 {"status": "ok", "path": "/home/user/ADHD-EEG-Benchmark/la-kaie/results/raw/smoke/CEC2022/MPHBS/inst01/run01.json", "runtime": 1.9243080940000254, "best": 902.62582556437}
2026-09-28T10:13:43.419897+00:00 {"status": "ok", "path": "/home/user/ADHD-EEG-Benchmark/la-kaie/results/raw/smoke/CEC2022/LA-KAIE-RandomExchange/inst01/run01.json", "runtime": 0.8018722189999608, "best": 1795.1712247652254}
2026-09-28T10:13:44.337814+00:00 {"status": "ok", "path": "/home/user/ADHD-EEG-Benchmark/la-kaie/results/raw/smoke/CEC2022/LA-KAIE-FixedPolicy/inst01/run01.json", "runtime": 1.698544512999888, "best": 6501.089793817749}
2026-09-28T10:13:44.436608+00:00 {"status": "ok", "path": "/home/user/ADHD-EEG-Benchmark/la-kaie/results/raw/smoke/CEC2022/LA-KAIE-Full/inst01/run02.json", "runtime": 1.0111141439997482, "best": 667.3606856791489}
2026-09-28T10:13:44.798137+00:00 {"status": "ok", "path": "/home/user/ADHD-EEG-Benchmark/la-kaie/results/raw/smoke/CEC2022/LA-KAIE-NoLandscape/inst01/run02.json", "runtime": 0.45322204700005386, "best": 1727.9726228631412}
2026-09-28T10:13:44.841951+00:00 {"status": "ok", "path": "/home/user/ADHD-EEG-Benchmark/la-kaie/results/raw/smoke/CEC2022/LA-KAIE-NoAdaptiveController/inst01/run01.json", "runtime": 1.661802003000048, "best": 2477.9392153906306}
2026-09-28T10:13:45.046259+00:00 {"status": "ok", "path": "/home/user/ADHD-EEG-Benchmark/la-kaie/results/raw/smoke/CEC2022/LA-KAIE-NoInteraction/inst01/run02.json", "runtime": 0.6028032050003276, "best": 1158.0275808492347}
2026-09-28T10:13:45.183210+00:00 {"status": "ok", "path": "/home/user/ADHD-EEG-Benchmark/la-kaie/results/raw/smoke/CEC2022/MPHBS/inst01/run02.json", "runtime": 1.764104675999988, "best": 2401.67624601842}
2026-09-28T10:13:45.510617+00:00 {"status": "ok", "path": "/home/user/ADHD-EEG-Benchmark/la-kaie/results/raw/smoke/CEC2022/LA-KAIE-DimensionOnly/inst01/run02.json", "runtime": 0.6621210209996207, "best": 667.3606856791489}
2026-09-28T10:13:45.566373+00:00 {"status": "ok", "path": "/home/user/ADHD-EEG-Benchmark/la-kaie/results/raw/smoke/CEC2022/LA-KAIE-NoKnowledgeReward/inst01/run02.json", "runtime": 0.7617552189999515, "best": 531.7259542675987}
2026-09-28T10:13:45.908031+00:00 {"status": "ok", "path": "/home/user/ADHD-EEG-Benchmark/la-kaie/results/raw/smoke/CEC2022/LA-KAIE-RandomExchange/inst01/run02.json", "runtime": 0.8543104210002639, "best": 319.74705872999243}
2026-09-28T10:13:46.656116+00:00 {"status": "ok", "path": "/home/user/ADHD-EEG-Benchmark/la-kaie/results/raw/smoke/CEC2022/LA-KAIE-FixedPolicy/inst01/run02.json", "runtime": 1.4629209659997287, "best": 3098.633749869363}
2026-09-28T10:13:47.060949+00:00 {"status": "ok", "path": "/home/user/ADHD-EEG-Benchmark/la-kaie/results/raw/smoke/CEC2022/LA-KAIE-Full/inst01/run03.json", "runtime": 1.119510395999896, "best": 1671.779726972677}
2026-09-28T10:13:47.251554+00:00 {"status": "ok", "path": "/home/user/ADHD-EEG-Benchmark/la-kaie/results/raw/smoke/CEC2022/LA-KAIE-NoAdaptiveController/inst01/run02.json", "runtime": 1.7323639940000248, "best": 3664.7470011304763}
2026-09-28T10:13:47.320192+00:00 {"status": "ok", "path": "/home/user/ADHD-EEG-Benchmark/la-kaie/results/raw/smoke/CEC2022/MPHBS/inst01/run03.json", "runtime": 1.750885776999894, "best": 322.2730624352565}
2026-09-28T10:13:47.564000+00:00 {"status": "ok", "path": "/home/user/ADHD-EEG-Benchmark/la-kaie/results/raw/smoke/CEC2022/LA-KAIE-NoInteraction/inst01/run03.json", "runtime": 0.5107556729999487, "best": 347.3786634486378}
2026-09-28T10:13:47.767615+00:00 {"status": "ok", "path": "/home/user/ADHD-EEG-Benchmark/la-kaie/results/raw/smoke/CEC2022/LA-KAIE-NoKnowledgeReward/inst01/run03.json", "runtime": 0.5028424590000213, "best": 572.4664868878907}
2026-09-28T10:13:48.264920+00:00 {"status": "ok", "path": "/home/user/ADHD-EEG-Benchmark/la-kaie/results/raw/smoke/CEC2022/LA-KAIE-DimensionOnly/inst01/run03.json", "runtime": 0.9367624169999544, "best": 1785.929516906639}
2026-09-28T10:13:48.397707+00:00 {"status": "ok", "path": "/home/user/ADHD-EEG-Benchmark/la-kaie/results/raw/smoke/CEC2022/LA-KAIE-RandomExchange/inst01/run03.json", "runtime": 0.8265464639998754, "best": 1710.7510893312924}
2026-09-28T10:13:48.474132+00:00 {"status": "ok", "path": "/home/user/ADHD-EEG-Benchmark/la-kaie/results/raw/smoke/CEC2022/LA-KAIE-NoLandscape/inst01/run03.json", "runtime": 1.809553452000273, "best": 140.5444069290154}
2026-09-28T10:13:49.026469+00:00 {"status": "ok", "path": "/home/user/ADHD-EEG-Benchmark/la-kaie/results/raw/smoke/CEC2022/LA-KAIE-Full/inst01/run04.json", "runtime": 0.5453273810003338, "best": 729.7725013777595}
2026-09-28T10:13:49.490585+00:00 {"status": "ok", "path": "/home/user/ADHD-EEG-Benchmark/la-kaie/results/raw/smoke/CEC2022/LA-KAIE-FixedPolicy/inst01/run03.json", "runtime": 1.713383008999699, "best": 1136.8645545799811}
2026-09-28T10:13:49.938006+00:00 {"status": "ok", "path": "/home/user/ADHD-EEG-Benchmark/la-kaie/results/raw/smoke/CEC2022/LA-KAIE-NoInteraction/inst01/run04.json", "runtime": 0.44126606000008906, "best": 483.689222605273}
2026-09-28T10:13:49.944400+00:00 {"status": "ok", "path": "/home/user/ADHD-EEG-Benchmark/la-kaie/results/raw/smoke/CEC2022/LA-KAIE-NoAdaptiveController/inst01/run03.json", "runtime": 1.6690207849997023, "best": 3726.985699014827}
2026-09-28T10:13:50.011027+00:00 {"status": "ok", "path": "/home/user/ADHD-EEG-Benchmark/la-kaie/results/raw/smoke/CEC2022/MPHBS/inst01/run04.json", "runtime": 1.6099742549999974, "best": 2310.410100535929}
2026-09-28T10:13:50.527045+00:00 {"status": "ok", "path": "/home/user/ADHD-EEG-Benchmark/la-kaie/results/raw/smoke/CEC2022/LA-KAIE-NoKnowledgeReward/inst01/run04.json", "runtime": 0.5828385579998212, "best": 616.1302296949893}
2026-09-28T10:13:50.561468+00:00 {"status": "ok", "path": "/home/user/ADHD-EEG-Benchmark/la-kaie/results/raw/smoke/CEC2022/LA-KAIE-NoLandscape/inst01/run04.json", "runtime": 1.525610381000206, "best": 208.05976799982108}
2026-09-28T10:13:50.708227+00:00 {"status": "ok", "path": "/home/user/ADHD-EEG-Benchmark/la-kaie/results/raw/smoke/CEC2022/LA-KAIE-DimensionOnly/inst01/run04.json", "runtime": 0.7575314989999242, "best": 276.86076175124015}
2026-09-28T10:13:50.786101+00:00 {"status": "ok", "path": "/home/user/ADHD-EEG-Benchmark/la-kaie/results/raw/smoke/CEC2022/LA-KAIE-RandomExchange/inst01/run04.json", "runtime": 0.7676692580002964, "best": 2103.855450591183}
2026-09-28T10:13:51.438163+00:00 {"status": "ok", "path": "/home/user/ADHD-EEG-Benchmark/la-kaie/results/raw/smoke/CEC2022/LA-KAIE-Full/inst01/run05.json", "runtime": 0.646481619000042, "best": 405.25197742259115}
2026-09-28T10:13:52.007676+00:00 {"status": "ok", "path": "/home/user/ADHD-EEG-Benchmark/la-kaie/results/raw/smoke/CEC2022/LA-KAIE-FixedPolicy/inst01/run04.json", "runtime": 1.469817441000032, "best": 1372.550932414916}
2026-09-28T10:13:52.409825+00:00 {"status": "ok", "path": "/home/user/ADHD-EEG-Benchmark/la-kaie/results/raw/smoke/CEC2022/LA-KAIE-NoAdaptiveController/inst01/run04.json", "runtime": 1.8336658820003322, "best": 2185.396651999493}
2026-09-28T10:13:52.591671+00:00 {"status": "ok", "path": "/home/user/ADHD-EEG-Benchmark/la-kaie/results/raw/smoke/CEC2022/LA-KAIE-NoLandscape/inst01/run05.json", "runtime": 1.1369429989999844, "best": 146.26558369199466}
2026-09-28T10:13:52.612635+00:00 {"status": "ok", "path": "/home/user/ADHD-EEG-Benchmark/la-kaie/results/raw/smoke/CEC2022/LA-KAIE-NoInteraction/inst01/run05.json", "runtime": 0.5975087740002891, "best": 397.18963819641215}
2026-09-28T10:13:52.653691+00:00 {"status": "ok", "path": "/home/user/ADHD-EEG-Benchmark/la-kaie/results/raw/smoke/CEC2022/MPHBS/inst01/run05.json", "runtime": 1.9417020880000564, "best": 138.16295624581346}
2026-09-28T10:13:53.071591+00:00 {"status": "ok", "path": "/home/user/ADHD-EEG-Benchmark/la-kaie/results/raw/smoke/CEC2022/LA-KAIE-NoKnowledgeReward/inst01/run05.json", "runtime": 0.6555908250002176, "best": 706.0973828887169}
2026-09-28T10:13:53.342057+00:00 {"status": "ok", "path": "/home/user/ADHD-EEG-Benchmark/la-kaie/results/raw/smoke/CEC2022/LA-KAIE-DimensionOnly/inst01/run05.json", "runtime": 0.736246901999948, "best": 405.25197742259115}
2026-09-28T10:13:53.455842+00:00 {"status": "ok", "path": "/home/user/ADHD-EEG-Benchmark/la-kaie/results/raw/smoke/CEC2022/LA-KAIE-RandomExchange/inst01/run05.json", "runtime": 0.833295378999992, "best": 1586.688732416289}
2026-09-28T10:13:53.612796+00:00 {"status": "ok", "path": "/home/user/ADHD-EEG-Benchmark/la-kaie/results/raw/smoke/CEC2022/MPA/inst01/run01.json", "runtime": 0.1527333499998349, "best": 555.5619540714451}
2026-09-28T10:13:53.667714+00:00 {"status": "ok", "path": "/home/user/ADHD-EEG-Benchmark/la-kaie/results/raw/smoke/CEC2022/HBA/inst01/run01.json", "runtime": 0.321589677999782, "best": 1760.3136758923288}
2026-09-28T10:13:53.831658+00:00 {"status": "ok", "path": "/home/user/ADHD-EEG-Benchmark/la-kaie/results/raw/smoke/CEC2022/MPHB/inst01/run01.json", "runtime": 0.18919460400002208, "best": 2245.02706485227}
2026-09-28T10:13:53.903867+00:00 {"status": "ok", "path": "/home/user/ADHD-EEG-Benchmark/la-kaie/results/raw/smoke/CEC2022/HBA/inst01/run02.json", "runtime": 0.2371634319997611, "best": 667.5024845715291}
2026-09-28T10:13:53.906738+00:00 {"status": "ok", "path": "/home/user/ADHD-EEG-Benchmark/la-kaie/results/raw/smoke/CEC2022/MPA/inst01/run02.json", "runtime": 0.0928017500000351, "best": 1147.2702462365867}
2026-09-28T10:13:54.043721+00:00 {"status": "ok", "path": "/home/user/ADHD-EEG-Benchmark/la-kaie/results/raw/smoke/CEC2022/MPHB/inst01/run02.json", "runtime": 0.133989468999971, "best": 2022.3309831152974}
2026-09-28T10:13:54.151624+00:00 {"status": "ok", "path": "/home/user/ADHD-EEG-Benchmark/la-kaie/results/raw/smoke/CEC2022/HBA/inst01/run03.json", "runtime": 0.2383055059999606, "best": 3668.553187629764}
2026-09-28T10:13:54.163536+00:00 {"status": "ok", "path": "/home/user/ADHD-EEG-Benchmark/la-kaie/results/raw/smoke/CEC2022/MPA/inst01/run03.json", "runtime": 0.11872060300038356, "best": 113.03005334930413}
2026-09-28T10:13:54.290290+00:00 {"status": "ok", "path": "/home/user/ADHD-EEG-Benchmark/la-kaie/results/raw/smoke/CEC2022/MPHB/inst01/run03.json", "runtime": 0.1293522469995878, "best": 1826.0774471049995}
2026-09-28T10:13:54.357330+00:00 {"status": "ok", "path": "/home/user/ADHD-EEG-Benchmark/la-kaie/results/raw/smoke/CEC2022/HBA/inst01/run04.json", "runtime": 0.1896618360001412, "best": 4478.872931212512}
2026-09-28T10:13:54.397044+00:00 {"status": "ok", "path": "/home/user/ADHD-EEG-Benchmark/la-kaie/results/raw/smoke/CEC2022/MPA/inst01/run04.json", "runtime": 0.10335187999999107, "best": 486.6983406490168}
2026-09-28T10:13:54.428099+00:00 {"status": "ok", "path": "/home/user/ADHD-EEG-Benchmark/la-kaie/results/raw/smoke/CEC2022/LA-KAIE-FixedPolicy/inst01/run05.json", "runtime": 1.7624762560003546, "best": 3522.4992745734176}
2026-09-28T10:13:54.531335+00:00 {"status": "ok", "path": "/home/user/ADHD-EEG-Benchmark/la-kaie/results/raw/smoke/CEC2022/MPHB/inst01/run04.json", "runtime": 0.16927548000012393, "best": 920.9884912009081}
2026-09-28T10:13:54.593401+00:00 {"status": "ok", "path": "/home/user/ADHD-EEG-Benchmark/la-kaie/results/raw/smoke/CEC2022/HBA/inst01/run05.json", "runtime": 0.19200358299985965, "best": 581.0058192334216}
2026-09-28T10:13:54.598208+00:00 {"status": "ok", "path": "/home/user/ADHD-EEG-Benchmark/la-kaie/results/raw/smoke/CEC2022/MPA/inst01/run05.json", "runtime": 0.16593698299993775, "best": 30.678607864818673}
2026-09-28T10:13:54.689731+00:00 {"status": "ok", "path": "/home/user/ADHD-EEG-Benchmark/la-kaie/results/raw/smoke/CEC2022/MPHB/inst01/run05.json", "runtime": 0.1550320589999501, "best": 2061.482521576308}
2026-09-28T10:13:55.088775+00:00 {"status": "ok", "path": "/home/user/ADHD-EEG-Benchmark/la-kaie/results/raw/smoke/CEC2022/LA-KAIE-NoAdaptiveController/inst01/run05.json", "runtime": 2.0070602179998787, "best": 1317.6668288787196}
